fullx: void 37 wall 650
primary matched Delta = +0.0342 se=0.0296 (n=33)
RA-shuffle: mean=+0.0023 sd=0.0320 frac>=obs=0.270
bootstrap: mean=+0.0325 sd=0.0282 (vs analytic 0.0296)
inject +0.00: recovered=+0.0314 (expect ~+0.0342)
inject +0.05: recovered=+0.0822 (expect ~+0.0842)
inject -0.05: recovered=-0.0179 (expect ~-0.0158)
LOO leverage:
drop ZTF18aabtaor: Delta=+0.0342 shift=+0.0000
drop ZTF18aaqffyp: Delta=+0.0310 shift=-0.0032
drop ZTF18aarxzmv: Delta=+0.0318 shift=-0.0024
drop ZTF18abjvzxx: Delta=+0.0426 shift=+0.0084
drop ZTF18acbzpag: Delta=+0.0339 shift=-0.0003
drop ZTF18acrdmmw: Delta=+0.0288 shift=-0.0054
drop ZTF18acrxppd: Delta=+0.0329 shift=-0.0013
drop ZTF19aakiycc: Delta=+0.0341 shift=-0.0001
drop ZTF19aakoasy: Delta=+0.0289 shift=-0.0053
drop ZTF19aalafip: Delta=+0.0361 shift=+0.0019
drop ZTF19aalzmiu: Delta=+0.0342 shift=+0.0000
drop ZTF19aammewd: Delta=+0.0325 shift=-0.0017
drop ZTF19aamsnhu: Delta=+0.0382 shift=+0.0041
drop ZTF19aaobwpx: Delta=+0.0374 shift=+0.0032
drop ZTF19aapcwdq: Delta=+0.0342 shift=+0.0000
drop ZTF19abcndvf: Delta=+0.0441 shift=+0.0099
drop ZTF19abjslyw: Delta=+0.0195 shift=-0.0147
drop ZTF19abyjhpz: Delta=+0.0342 shift=+0.0000
drop ZTF19acbvpjn: Delta=+0.0305 shift=-0.0037
drop ZTF19achtewn: Delta=+0.0355 shift=+0.0013
drop ZTF19acmblbi: Delta=+0.0464 shift=+0.0123
drop ZTF19acmywjc: Delta=+0.0295 shift=-0.0047
drop ZTF20aabqamf: Delta=+0.0347 shift=+0.0005
drop ZTF20aaerqjd: Delta=+0.0339 shift=-0.0003
drop ZTF20aaftsqt: Delta=+0.0286 shift=-0.0056
drop ZTF20aahgexl: Delta=+0.0318 shift=-0.0024
drop ZTF20aamgdkb: Delta=+0.0370 shift=+0.0028
drop ZTF20aatpoeh: Delta=+0.0307 shift=-0.0034
drop ZTF20aavvjie: Delta=+0.0351 shift=+0.0009
drop ZTF20aaxxepr: Delta=+0.0415 shift=+0.0073
drop ZTF20abatmsa: Delta=+0.0342 shift=+0.0000
drop ZTF20abblqtl: Delta=+0.0336 shift=-0.0006
drop ZTF20abcbxpj: Delta=+0.0392 shift=+0.0050
drop ZTF20abpqdgh: Delta=+0.0357 shift=+0.0015
drop ZTF20acfaonm: Delta=+0.0399 shift=+0.0057
drop ZTF20acxzkkf: Delta=+0.0298 shift=-0.0044
drop ZTF20acxznai: Delta=+0.0286 shift=-0.0056
LOO max shift=0.0147 vs se=0.0296
fullx nulls done
